version https://git-lfs.github.com/spec/v1
oid sha256:c2f63e48b7e4a064a993c6a9e82d6e26e1b024192e20017706227e6e054341ac
size 20480
